[2026-02-10 00:17:19] [INFO] [tushare-collect] ==================================================
[2026-02-10 00:17:19] [INFO] [tushare-collect] 开始执行财务报表采集任务
[2026-02-10 00:17:19] [INFO] [tushare-collect] 执行时间: 2026-02-10 00:17:19.805126
[2026-02-10 00:17:19] [INFO] [tushare-collect] ==================================================
[2026-02-10 00:17:19] [INFO] [tushare-collect] 开始采集财务报表数据 (日期范围: 20250623 - 20250625)
[2026-02-10 00:17:19] [INFO] [tushare-collect] 近2年季度末日期列表: ['20240331', '20240630', '20240930', '20241231', '20250331', '20250630', '20250930', '20251231', '20260331', '20260630', '20260930', '20261231']
[2026-02-10 00:17:19] [INFO] [tushare-collect] ==================================================
[2026-02-10 00:17:19] [INFO] [tushare-collect] 财务报表采集任务完成
[2026-02-10 00:17:19] [INFO] [tushare-collect] ==================================================
[2026-02-10 00:25:36] [INFO] [tushare-collect] ==================================================
[2026-02-10 00:25:36] [INFO] [tushare-collect] 开始执行财务报表采集任务
[2026-02-10 00:25:36] [INFO] [tushare-collect] 执行时间: 2026-02-10 00:25:36.235615
[2026-02-10 00:25:36] [INFO] [tushare-collect] ==================================================
[2026-02-10 00:25:36] [INFO] [tushare-collect] 开始采集财务报表数据 (日期范围: 20250623 - 20250625)
[2026-02-10 00:25:36] [INFO] [tushare-collect] 近1年季度末日期列表: ['20250331', '20250630', '20250930', '20251231', '20260331', '20260630', '20260930', '20261231']
[2026-02-10 00:25:36] [INFO] [tushare-collect] ==================================================
[2026-02-10 00:25:36] [INFO] [tushare-collect] 财务报表采集任务完成
[2026-02-10 00:25:36] [INFO] [tushare-collect] ==================================================
[2026-02-10 00:28:35] [INFO] [tushare-collect] ==================================================
[2026-02-10 00:28:35] [INFO] [tushare-collect] 开始执行财务报表采集任务
[2026-02-10 00:28:35] [INFO] [tushare-collect] 执行时间: 2026-02-10 00:28:35.848587
[2026-02-10 00:28:35] [INFO] [tushare-collect] ==================================================
[2026-02-10 00:28:35] [INFO] [tushare-collect] 开始采集财务报表数据 (日期范围: 20250623 - 20250625)
[2026-02-10 00:28:35] [INFO] [tushare-collect] 近1年季度末日期列表: ['20240331', '20240630', '20240930', '20241231']
[2026-02-10 00:28:35] [INFO] [tushare-collect] ==================================================
[2026-02-10 00:28:35] [INFO] [tushare-collect] 财务报表采集任务完成
[2026-02-10 00:28:35] [INFO] [tushare-collect] ==================================================
[2026-02-10 00:32:53] [INFO] [tushare-collect] ==================================================
[2026-02-10 00:32:53] [INFO] [tushare-collect] 开始执行财务报表采集任务
[2026-02-10 00:32:53] [INFO] [tushare-collect] 执行时间: 2026-02-10 00:32:53.745300
[2026-02-10 00:32:53] [INFO] [tushare-collect] ==================================================
[2026-02-10 00:32:53] [INFO] [tushare-collect] 开始采集财务报表数据 (日期范围: 20250623 - 20250625)
[2026-02-10 00:32:53] [INFO] [tushare-collect] 近360天季度末日期列表: ['20250331', '20250630', '20250930', '20251231']
[2026-02-10 00:32:53] [INFO] [tushare-collect] ==================================================
[2026-02-10 00:32:53] [INFO] [tushare-collect] 财务报表采集任务完成
[2026-02-10 00:32:53] [INFO] [tushare-collect] ==================================================
[2026-02-10 00:35:53] [INFO] [tushare-collect] ==================================================
[2026-02-10 00:35:53] [INFO] [tushare-collect] 开始执行财务报表采集任务
[2026-02-10 00:35:53] [INFO] [tushare-collect] 执行时间: 2026-02-10 00:35:53.168310
[2026-02-10 00:35:53] [INFO] [tushare-collect] ==================================================
[2026-02-10 00:35:53] [INFO] [tushare-collect] 开始采集财务报表数据 (日期范围: 20250623 - 20250625)
[2026-02-10 00:35:53] [INFO] [tushare-collect] 当前季度及前3季度末日期列表: ['20250331', '20250630', '20250930', '20251231']
[2026-02-10 00:35:53] [INFO] [tushare-collect] ==================================================
[2026-02-10 00:35:53] [INFO] [tushare-collect] 财务报表采集任务完成
[2026-02-10 00:35:53] [INFO] [tushare-collect] ==================================================
[2026-02-10 00:38:19] [INFO] [tushare-collect] ==================================================
[2026-02-10 00:38:19] [INFO] [tushare-collect] 开始执行财务报表采集任务
[2026-02-10 00:38:19] [INFO] [tushare-collect] 执行时间: 2026-02-10 00:38:19.649651
[2026-02-10 00:38:19] [INFO] [tushare-collect] ==================================================
[2026-02-10 00:38:19] [INFO] [tushare-collect] 开始采集财务报表数据 (日期范围: 20250623 - 20250625)
[2026-02-10 00:38:19] [INFO] [tushare-collect] 当前季度及前3季度末日期列表: ['20250630', '20250930', '20251231', '20260331']
[2026-02-10 00:38:19] [INFO] [tushare-collect] ==================================================
[2026-02-10 00:38:19] [INFO] [tushare-collect] 财务报表采集任务完成
[2026-02-10 00:38:19] [INFO] [tushare-collect] ==================================================
[2026-02-10 00:41:27] [INFO] [tushare-collect] ==================================================
[2026-02-10 00:41:27] [INFO] [tushare-collect] 开始执行财务报表采集任务
[2026-02-10 00:41:27] [INFO] [tushare-collect] 执行时间: 2026-02-10 00:41:27.961988
[2026-02-10 00:41:27] [INFO] [tushare-collect] ==================================================
[2026-02-10 00:41:27] [INFO] [tushare-collect] 当前季度及前3季度末日期列表: ['20250630', '20250930', '20251231', '20260331']
[2026-02-10 00:41:27] [INFO] [tushare-collect] 采集参数: {'method': 'fina_indicator_vip', 'fields': '*', 'period': '20250630'}
[2026-02-10 00:41:27] [INFO] [tushare-collect] 开始采集Tushare数据: fina_indicator_vip
[2026-02-10 00:41:49] [INFO] [tushare-collect] 成功采集7856条fina_indicator_vip数据
[2026-02-10 00:41:49] [INFO] [tushare-collect] [indicator] 去重后数据: 6358 条
[2026-02-10 00:41:54] [INFO] [tushare-collect] 保存6358条数据到aistockzml_tushare_fina_indicator，模式: incremental
[2026-02-10 00:41:54] [INFO] [tushare-collect] 采集参数: {'method': 'fina_indicator_vip', 'fields': '*', 'period': '20250930'}
[2026-02-10 00:41:54] [INFO] [tushare-collect] 开始采集Tushare数据: fina_indicator_vip
[2026-02-10 00:42:12] [INFO] [tushare-collect] 成功采集6924条fina_indicator_vip数据
[2026-02-10 00:42:12] [INFO] [tushare-collect] [indicator] 去重后数据: 5681 条
[2026-02-10 00:42:16] [INFO] [tushare-collect] 保存5681条数据到aistockzml_tushare_fina_indicator，模式: incremental
[2026-02-10 00:42:16] [INFO] [tushare-collect] 采集参数: {'method': 'fina_indicator_vip', 'fields': '*', 'period': '20251231'}
[2026-02-10 00:42:16] [INFO] [tushare-collect] 开始采集Tushare数据: fina_indicator_vip
[2026-02-10 00:42:17] [INFO] [tushare-collect] 成功采集43条fina_indicator_vip数据
[2026-02-10 00:42:17] [INFO] [tushare-collect] [indicator] 去重后数据: 42 条
[2026-02-10 00:42:17] [INFO] [tushare-collect] 保存42条数据到aistockzml_tushare_fina_indicator，模式: incremental
[2026-02-10 00:42:17] [INFO] [tushare-collect] 采集参数: {'method': 'fina_indicator_vip', 'fields': '*', 'period': '20260331'}
[2026-02-10 00:42:17] [INFO] [tushare-collect] 开始采集Tushare数据: fina_indicator_vip
[2026-02-10 00:42:18] [INFO] [tushare-collect] 成功采集fina_indicator_vip数据，数据为空
[2026-02-10 00:42:18] [WARNING] [tushare-collect] 无数据需要保存(indicator)
[2026-02-10 00:42:18] [INFO] [tushare-collect] ==================================================
[2026-02-10 00:42:18] [INFO] [tushare-collect] 财务报表采集任务完成
[2026-02-10 00:42:18] [INFO] [tushare-collect] ==================================================
[2026-02-10 00:50:44] [INFO] [tushare-collect] ==================================================
[2026-02-10 00:50:44] [INFO] [tushare-collect] 开始执行财务报表采集任务
[2026-02-10 00:50:44] [INFO] [tushare-collect] 执行时间: 2026-02-10 00:50:44.123006
[2026-02-10 00:50:44] [INFO] [tushare-collect] ==================================================
[2026-02-10 00:50:44] [INFO] [tushare-collect] 当前季度及前3季度末日期列表: ['20250630', '20250930', '20251231', '20260331']
[2026-02-10 00:50:44] [INFO] [tushare-collect] 采集参数: {'method': 'fina_indicator_vip', 'fields': '*', 'period': '20250630'}
[2026-02-10 00:50:44] [INFO] [tushare-collect] 开始采集Tushare数据: fina_indicator_vip
[2026-02-10 00:51:14] [ERROR] [tushare-collect] 采集fina_indicator_vip数据失败: HTTPConnectionPool(host='lianghua.9vvn.com', port=80): Read timed out. (read timeout=30)
[2026-02-10 00:51:14] [WARNING] [tushare-collect] 无数据需要保存(indicator)
[2026-02-10 00:51:14] [INFO] [tushare-collect] 采集参数: {'method': 'fina_indicator_vip', 'fields': '*', 'period': '20250930'}
[2026-02-10 00:51:14] [INFO] [tushare-collect] 开始采集Tushare数据: fina_indicator_vip
[2026-02-10 00:51:49] [INFO] [tushare-collect] 成功采集6924条fina_indicator_vip数据
[2026-02-10 00:51:49] [INFO] [tushare-collect] [indicator] 去重后数据: 5681 条
[2026-02-10 00:51:54] [INFO] [tushare-collect] 保存5681条数据到aistockzml_tushare_fina_indicator，模式: incremental
[2026-02-10 00:51:54] [INFO] [tushare-collect] 采集参数: {'method': 'fina_indicator_vip', 'fields': '*', 'period': '20251231'}
[2026-02-10 00:51:54] [INFO] [tushare-collect] 开始采集Tushare数据: fina_indicator_vip
[2026-02-10 00:51:54] [INFO] [tushare-collect] 成功采集43条fina_indicator_vip数据
[2026-02-10 00:51:54] [INFO] [tushare-collect] [indicator] 去重后数据: 42 条
[2026-02-10 00:51:55] [INFO] [tushare-collect] 保存42条数据到aistockzml_tushare_fina_indicator，模式: incremental
[2026-02-10 00:51:55] [INFO] [tushare-collect] 采集参数: {'method': 'fina_indicator_vip', 'fields': '*', 'period': '20260331'}
[2026-02-10 00:51:55] [INFO] [tushare-collect] 开始采集Tushare数据: fina_indicator_vip
[2026-02-10 00:51:55] [INFO] [tushare-collect] 成功采集fina_indicator_vip数据，数据为空
[2026-02-10 00:51:55] [WARNING] [tushare-collect] 无数据需要保存(indicator)
[2026-02-10 00:51:55] [INFO] [tushare-collect] ==================================================
[2026-02-10 00:51:55] [INFO] [tushare-collect] 财务报表采集任务完成
[2026-02-10 00:51:55] [INFO] [tushare-collect] ==================================================
[2026-02-10 01:03:46] [INFO] [tushare-collect] ==================================================
[2026-02-10 01:03:46] [INFO] [tushare-collect] 开始执行财务报表采集任务
[2026-02-10 01:03:46] [INFO] [tushare-collect] 执行时间: 2026-02-10 01:03:46.703136
[2026-02-10 01:03:46] [INFO] [tushare-collect] ==================================================
[2026-02-10 01:03:46] [INFO] [tushare-collect] 当前季度及前3季度末日期列表: ['20250630', '20250930', '20251231', '20260331']
[2026-02-10 01:03:46] [INFO] [tushare-collect] 采集参数: {'method': 'fina_indicator_vip', 'fields': '*', 'period': '20250630'}
[2026-02-10 01:03:46] [INFO] [tushare-collect] 开始采集Tushare数据: fina_indicator_vip
[2026-02-10 01:04:06] [INFO] [tushare-collect] 成功采集7856条fina_indicator_vip数据
[2026-02-10 01:04:06] [INFO] [tushare-collect] [fina_indicator] 去重后数据: 6358 条
[2026-02-10 01:04:11] [INFO] [tushare-collect] 保存 6358 条数据到aistockzml_tushare_fina_indicator，模式: incremental
[2026-02-10 01:04:11] [INFO] [tushare-collect] [fina_indicator] 数据保存成功
[2026-02-10 01:04:11] [INFO] [tushare-collect] 采集参数: {'method': 'fina_indicator_vip', 'fields': '*', 'period': '20250930'}
[2026-02-10 01:04:11] [INFO] [tushare-collect] 开始采集Tushare数据: fina_indicator_vip
[2026-02-10 01:04:45] [INFO] [tushare-collect] 成功采集6924条fina_indicator_vip数据
[2026-02-10 01:04:45] [INFO] [tushare-collect] [fina_indicator] 去重后数据: 5681 条
[2026-02-10 01:04:49] [INFO] [tushare-collect] 保存 5681 条数据到aistockzml_tushare_fina_indicator，模式: incremental
[2026-02-10 01:04:49] [INFO] [tushare-collect] [fina_indicator] 数据保存成功
[2026-02-10 01:04:49] [INFO] [tushare-collect] 采集参数: {'method': 'fina_indicator_vip', 'fields': '*', 'period': '20251231'}
[2026-02-10 01:04:49] [INFO] [tushare-collect] 开始采集Tushare数据: fina_indicator_vip
[2026-02-10 01:04:50] [INFO] [tushare-collect] 成功采集43条fina_indicator_vip数据
[2026-02-10 01:04:50] [INFO] [tushare-collect] [fina_indicator] 去重后数据: 42 条
[2026-02-10 01:04:51] [INFO] [tushare-collect] 保存 42 条数据到aistockzml_tushare_fina_indicator，模式: incremental
[2026-02-10 01:04:51] [INFO] [tushare-collect] [fina_indicator] 数据保存成功
[2026-02-10 01:04:51] [INFO] [tushare-collect] 采集参数: {'method': 'fina_indicator_vip', 'fields': '*', 'period': '20260331'}
[2026-02-10 01:04:51] [INFO] [tushare-collect] 开始采集Tushare数据: fina_indicator_vip
[2026-02-10 01:04:51] [INFO] [tushare-collect] 成功采集fina_indicator_vip数据，数据为空
[2026-02-10 01:04:51] [INFO] [tushare-collect] [fina_indicator] 无数据需要保存
[2026-02-10 01:04:51] [INFO] [tushare-collect] ==================================================
[2026-02-10 01:04:51] [INFO] [tushare-collect] 财务报表采集任务完成
[2026-02-10 01:04:51] [INFO] [tushare-collect] ==================================================
[2026-02-10 01:07:50] [INFO] [tushare-collect] ==================================================
[2026-02-10 01:07:50] [INFO] [tushare-collect] 开始执行财务报表采集任务
[2026-02-10 01:07:50] [INFO] [tushare-collect] 执行时间: 2026-02-10 01:07:50.938729
[2026-02-10 01:07:50] [INFO] [tushare-collect] ==================================================
[2026-02-10 01:07:50] [INFO] [tushare-collect] 当前季度及前3季度末日期列表: ['20230630', '20230930', '20231231', '20240331', '20240630', '20240930', '20241231', '20250331', '20250630', '20250930', '20251231', '20260331']
[2026-02-10 01:07:50] [INFO] [tushare-collect] ==================================================
[2026-02-10 01:07:50] [INFO] [tushare-collect] 财务报表采集任务完成
[2026-02-10 01:07:50] [INFO] [tushare-collect] ==================================================
[2026-02-10 01:09:40] [INFO] [tushare-collect] ==================================================
[2026-02-10 01:09:40] [INFO] [tushare-collect] 开始执行财务报表采集任务
[2026-02-10 01:09:40] [INFO] [tushare-collect] 执行时间: 2026-02-10 01:09:40.389101
[2026-02-10 01:09:40] [INFO] [tushare-collect] ==================================================
[2026-02-10 01:09:40] [INFO] [tushare-collect] 当前季度及前3季度末日期列表: ['20250630', '20250930', '20251231', '20260331']
[2026-02-10 01:09:40] [INFO] [tushare-collect] 采集参数: {'method': 'fina_indicator_vip', 'fields': '*', 'period': '20250630'}
[2026-02-10 01:09:40] [INFO] [tushare-collect] 开始采集Tushare数据: fina_indicator_vip
[2026-02-10 01:10:00] [INFO] [tushare-collect] 成功采集7856条fina_indicator_vip数据
[2026-02-10 01:10:00] [INFO] [tushare-collect] [fina_indicator] 去重后数据: 6358 条
[2026-02-10 01:10:05] [INFO] [tushare-collect] 保存 6358 条数据到aistockzml_tushare_fina_indicator，模式: incremental
[2026-02-10 01:10:05] [INFO] [tushare-collect] [fina_indicator] 数据保存成功
[2026-02-10 01:10:05] [INFO] [tushare-collect] 采集参数: {'method': 'fina_indicator_vip', 'fields': '*', 'period': '20250930'}
[2026-02-10 01:10:05] [INFO] [tushare-collect] 开始采集Tushare数据: fina_indicator_vip
[2026-02-10 01:10:22] [INFO] [tushare-collect] 成功采集6924条fina_indicator_vip数据
[2026-02-10 01:10:22] [INFO] [tushare-collect] [fina_indicator] 去重后数据: 5681 条
[2026-02-10 01:10:26] [INFO] [tushare-collect] 保存 5681 条数据到aistockzml_tushare_fina_indicator，模式: incremental
[2026-02-10 01:10:26] [INFO] [tushare-collect] [fina_indicator] 数据保存成功
[2026-02-10 01:10:27] [INFO] [tushare-collect] 采集参数: {'method': 'fina_indicator_vip', 'fields': '*', 'period': '20251231'}
[2026-02-10 01:10:27] [INFO] [tushare-collect] 开始采集Tushare数据: fina_indicator_vip
[2026-02-10 01:10:27] [INFO] [tushare-collect] 成功采集43条fina_indicator_vip数据
[2026-02-10 01:10:27] [INFO] [tushare-collect] [fina_indicator] 去重后数据: 42 条
[2026-02-10 01:10:28] [INFO] [tushare-collect] 保存 42 条数据到aistockzml_tushare_fina_indicator，模式: incremental
[2026-02-10 01:10:28] [INFO] [tushare-collect] [fina_indicator] 数据保存成功
[2026-02-10 01:10:28] [INFO] [tushare-collect] 采集参数: {'method': 'fina_indicator_vip', 'fields': '*', 'period': '20260331'}
[2026-02-10 01:10:28] [INFO] [tushare-collect] 开始采集Tushare数据: fina_indicator_vip
[2026-02-10 01:10:28] [INFO] [tushare-collect] 成功采集fina_indicator_vip数据，数据为空
[2026-02-10 01:10:28] [INFO] [tushare-collect] [fina_indicator] 无数据需要保存
[2026-02-10 01:10:28] [INFO] [tushare-collect] ==================================================
[2026-02-10 01:10:28] [INFO] [tushare-collect] 财务报表采集任务完成
[2026-02-10 01:10:28] [INFO] [tushare-collect] ==================================================
[2026-02-10 01:11:55] [INFO] [tushare-collect] ==================================================
[2026-02-10 01:11:55] [INFO] [tushare-collect] 开始执行财务报表采集任务
[2026-02-10 01:11:55] [INFO] [tushare-collect] 执行时间: 2026-02-10 01:11:55.498547
[2026-02-10 01:11:55] [INFO] [tushare-collect] ==================================================
[2026-02-10 01:11:55] [INFO] [tushare-collect] 当前季度及前3季度末日期列表: ['20250630', '20250930', '20251231', '20260331']
[2026-02-10 01:11:55] [INFO] [tushare-collect] 采集参数: {'method': 'fina_indicator_vip', 'fields': '*', 'period': '20250630'}
[2026-02-10 01:11:55] [INFO] [tushare-collect] 开始采集Tushare数据: fina_indicator_vip
[2026-02-10 01:12:14] [INFO] [tushare-collect] 成功采集7856条fina_indicator_vip数据
[2026-02-10 01:12:14] [INFO] [tushare-collect] [fina_indicator] 去重后数据: 6358 条
[2026-02-10 01:12:19] [INFO] [tushare-collect] 保存 6358 条数据到aistockzml_tushare_fina_indicator，模式: incremental
[2026-02-10 01:12:19] [INFO] [tushare-collect] [fina_indicator] 数据保存成功
[2026-02-10 01:12:19] [INFO] [tushare-collect] 采集参数: {'method': 'fina_indicator_vip', 'fields': '*', 'period': '20250930'}
[2026-02-10 01:12:19] [INFO] [tushare-collect] 开始采集Tushare数据: fina_indicator_vip
[2026-02-10 01:12:37] [INFO] [tushare-collect] 成功采集6924条fina_indicator_vip数据
[2026-02-10 01:12:37] [INFO] [tushare-collect] [fina_indicator] 去重后数据: 5681 条
[2026-02-10 01:12:41] [INFO] [tushare-collect] 保存 5681 条数据到aistockzml_tushare_fina_indicator，模式: incremental
[2026-02-10 01:12:41] [INFO] [tushare-collect] [fina_indicator] 数据保存成功
[2026-02-10 01:12:41] [INFO] [tushare-collect] 采集参数: {'method': 'fina_indicator_vip', 'fields': '*', 'period': '20251231'}
[2026-02-10 01:12:41] [INFO] [tushare-collect] 开始采集Tushare数据: fina_indicator_vip
[2026-02-10 01:12:42] [INFO] [tushare-collect] 成功采集43条fina_indicator_vip数据
[2026-02-10 01:12:42] [INFO] [tushare-collect] [fina_indicator] 去重后数据: 42 条
[2026-02-10 01:12:43] [INFO] [tushare-collect] 保存 42 条数据到aistockzml_tushare_fina_indicator，模式: incremental
[2026-02-10 01:12:43] [INFO] [tushare-collect] [fina_indicator] 数据保存成功
[2026-02-10 01:12:43] [INFO] [tushare-collect] 采集参数: {'method': 'fina_indicator_vip', 'fields': '*', 'period': '20260331'}
[2026-02-10 01:12:43] [INFO] [tushare-collect] 开始采集Tushare数据: fina_indicator_vip
[2026-02-10 01:12:43] [INFO] [tushare-collect] 成功采集fina_indicator_vip数据，数据为空
[2026-02-10 01:12:43] [INFO] [tushare-collect] [fina_indicator] 无数据需要保存
[2026-02-10 01:12:43] [INFO] [tushare-collect] ==================================================
[2026-02-10 01:12:43] [INFO] [tushare-collect] 财务报表采集任务完成
[2026-02-10 01:12:43] [INFO] [tushare-collect] ==================================================
