[2026-02-13 00:05:33] [INFO] [tushare-collect] ==================================================
[2026-02-13 00:05:33] [INFO] [tushare-collect] 开始执行定时任务
[2026-02-13 00:05:33] [INFO] [tushare-collect] 执行时间: 2026-02-13 00:05:33.968121
[2026-02-13 00:05:33] [INFO] [tushare-collect] ==================================================
[2026-02-13 00:05:33] [INFO] [tushare-collect] 采集参数: {'method': 'stk_holdertrade', 'fields': '*', 'start_date': '20260209', 'end_date': '20260212'}
[2026-02-13 00:05:33] [INFO] [tushare-collect] 开始采集Tushare数据: stk_holdertrade
[2026-02-13 00:05:34] [INFO] [tushare-collect] 成功采集190条stk_holdertrade数据
[2026-02-13 00:05:34] [INFO] [tushare-collect] upsert 受影响 190 行
[2026-02-13 00:05:34] [INFO] [tushare-collect] 保存 190 条数据到aistockzml_tushare_stk_holdertrade，模式: incremental
[2026-02-13 00:05:34] [INFO] [tushare-collect] ==================================================
[2026-02-13 00:05:34] [INFO] [tushare-collect] 定时任务完成
[2026-02-13 00:05:34] [INFO] [tushare-collect] ==================================================
[2026-02-13 13:43:14] [INFO] [tushare-collect] ==================================================
[2026-02-13 13:43:14] [INFO] [tushare-collect] 开始执行财务报表采集任务
[2026-02-13 13:43:14] [INFO] [tushare-collect] 执行时间: 2026-02-13 13:43:14.785627
[2026-02-13 13:43:14] [INFO] [tushare-collect] ==================================================
[2026-02-13 13:43:14] [INFO] [tushare-collect] 当前季度及前3季度末日期列表: ['20250630', '20250930', '20251231', '20260331']
[2026-02-13 13:43:14] [INFO] [tushare-collect] 近10天分红公告日期列表: ['20260203', '20260204', '20260205', '20260206', '20260207', '20260208', '20260209', '20260210', '20260211', '20260212', '20260213']
[2026-02-13 13:43:14] [INFO] [tushare-collect] ==================================================
[2026-02-13 13:43:14] [INFO] [tushare-collect] 财务报表采集任务完成
[2026-02-13 13:43:14] [INFO] [tushare-collect] ==================================================
[2026-02-13 15:43:52] [INFO] [tushare-collect] ==================================================
[2026-02-13 15:43:52] [INFO] [tushare-collect] 开始执行财务报表采集任务
[2026-02-13 15:43:52] [INFO] [tushare-collect] 执行时间: 2026-02-13 15:43:52.673620
[2026-02-13 15:43:52] [INFO] [tushare-collect] ==================================================
[2026-02-13 15:43:52] [INFO] [tushare-collect] 当前季度及前3季度末日期列表: ['20250630', '20250930', '20251231', '20260331']
[2026-02-13 15:43:52] [INFO] [tushare-collect] [income] 采集参数: {'method': 'income_vip', 'fields': '*', 'period': '20250630', 'report_type': '1'}
[2026-02-13 15:43:52] [INFO] [tushare-collect] 开始采集Tushare数据: income_vip
[2026-02-13 15:44:02] [INFO] [tushare-collect] 成功采集7382条income_vip数据
[2026-02-13 15:44:02] [INFO] [tushare-collect] [income] 去重后数据: 6116 条
[2026-02-13 15:44:06] [INFO] [tushare-collect] upsert 受影响 6116 行
[2026-02-13 15:44:06] [INFO] [tushare-collect] 保存 6116 条数据到aistockzml_tushare_income，模式: incremental
[2026-02-13 15:44:06] [INFO] [tushare-collect] [income] 数据保存成功
[2026-02-13 15:44:06] [INFO] [tushare-collect] [cashflow] 采集参数: {'method': 'cashflow_vip', 'fields': '*', 'period': '20250630', 'report_type': '1'}
[2026-02-13 15:44:06] [INFO] [tushare-collect] 开始采集Tushare数据: cashflow_vip
[2026-02-13 15:44:20] [INFO] [tushare-collect] 成功采集6400条cashflow_vip数据
[2026-02-13 15:44:20] [INFO] [tushare-collect] [cashflow] 去重后数据: 4731 条
[2026-02-13 15:44:23] [INFO] [tushare-collect] upsert 受影响 4731 行
[2026-02-13 15:44:23] [INFO] [tushare-collect] 保存 4731 条数据到aistockzml_tushare_cashflow，模式: incremental
[2026-02-13 15:44:23] [INFO] [tushare-collect] [cashflow] 数据保存成功
[2026-02-13 15:44:23] [INFO] [tushare-collect] [income] 采集参数: {'method': 'income_vip', 'fields': '*', 'period': '20250930', 'report_type': '1'}
[2026-02-13 15:44:23] [INFO] [tushare-collect] 开始采集Tushare数据: income_vip
[2026-02-13 15:44:42] [INFO] [tushare-collect] 成功采集6727条income_vip数据
[2026-02-13 15:44:42] [INFO] [tushare-collect] [income] 去重后数据: 5539 条
[2026-02-13 15:44:46] [INFO] [tushare-collect] upsert 受影响 5539 行
[2026-02-13 15:44:46] [INFO] [tushare-collect] 保存 5539 条数据到aistockzml_tushare_income，模式: incremental
[2026-02-13 15:44:46] [INFO] [tushare-collect] [income] 数据保存成功
[2026-02-13 15:44:46] [INFO] [tushare-collect] [cashflow] 采集参数: {'method': 'cashflow_vip', 'fields': '*', 'period': '20250930', 'report_type': '1'}
[2026-02-13 15:44:46] [INFO] [tushare-collect] 开始采集Tushare数据: cashflow_vip
[2026-02-13 15:45:01] [INFO] [tushare-collect] 成功采集6400条cashflow_vip数据
[2026-02-13 15:45:01] [INFO] [tushare-collect] [cashflow] 去重后数据: 4534 条
[2026-02-13 15:45:04] [INFO] [tushare-collect] upsert 受影响 4534 行
[2026-02-13 15:45:04] [INFO] [tushare-collect] 保存 4534 条数据到aistockzml_tushare_cashflow，模式: incremental
[2026-02-13 15:45:04] [INFO] [tushare-collect] [cashflow] 数据保存成功
[2026-02-13 15:45:04] [INFO] [tushare-collect] [income] 采集参数: {'method': 'income_vip', 'fields': '*', 'period': '20251231', 'report_type': '1'}
[2026-02-13 15:45:04] [INFO] [tushare-collect] 开始采集Tushare数据: income_vip
[2026-02-13 15:45:07] [INFO] [tushare-collect] 成功采集56条income_vip数据
[2026-02-13 15:45:07] [INFO] [tushare-collect] [income] 去重后数据: 56 条
[2026-02-13 15:45:07] [INFO] [tushare-collect] upsert 受影响 56 行
[2026-02-13 15:45:07] [INFO] [tushare-collect] 保存 56 条数据到aistockzml_tushare_income，模式: incremental
[2026-02-13 15:45:07] [INFO] [tushare-collect] [income] 数据保存成功
[2026-02-13 15:45:07] [INFO] [tushare-collect] [cashflow] 采集参数: {'method': 'cashflow_vip', 'fields': '*', 'period': '20251231', 'report_type': '1'}
[2026-02-13 15:45:07] [INFO] [tushare-collect] 开始采集Tushare数据: cashflow_vip
[2026-02-13 15:45:09] [INFO] [tushare-collect] 成功采集62条cashflow_vip数据
[2026-02-13 15:45:09] [INFO] [tushare-collect] [cashflow] 去重后数据: 56 条
[2026-02-13 15:45:10] [INFO] [tushare-collect] upsert 受影响 56 行
[2026-02-13 15:45:10] [INFO] [tushare-collect] 保存 56 条数据到aistockzml_tushare_cashflow，模式: incremental
[2026-02-13 15:45:10] [INFO] [tushare-collect] [cashflow] 数据保存成功
[2026-02-13 15:45:10] [INFO] [tushare-collect] [income] 采集参数: {'method': 'income_vip', 'fields': '*', 'period': '20260331', 'report_type': '1'}
[2026-02-13 15:45:10] [INFO] [tushare-collect] 开始采集Tushare数据: income_vip
[2026-02-13 15:45:11] [INFO] [tushare-collect] 成功采集income_vip数据，数据为空
[2026-02-13 15:45:11] [INFO] [tushare-collect] [income] 无数据需要保存
[2026-02-13 15:45:11] [INFO] [tushare-collect] [cashflow] 采集参数: {'method': 'cashflow_vip', 'fields': '*', 'period': '20260331', 'report_type': '1'}
[2026-02-13 15:45:11] [INFO] [tushare-collect] 开始采集Tushare数据: cashflow_vip
[2026-02-13 15:45:12] [INFO] [tushare-collect] 成功采集cashflow_vip数据，数据为空
[2026-02-13 15:45:12] [INFO] [tushare-collect] [cashflow] 无数据需要保存
[2026-02-13 15:45:12] [INFO] [tushare-collect] ==================================================
[2026-02-13 15:45:12] [INFO] [tushare-collect] 财务报表采集任务完成
[2026-02-13 15:45:12] [INFO] [tushare-collect] ==================================================
[2026-02-13 16:11:20] [INFO] [tushare-collect] ==================================================
[2026-02-13 16:11:20] [INFO] [tushare-collect] 开始执行财务报表采集任务
[2026-02-13 16:11:20] [INFO] [tushare-collect] 执行时间: 2026-02-13 16:11:20.134449
[2026-02-13 16:11:20] [INFO] [tushare-collect] ==================================================
[2026-02-13 16:11:20] [INFO] [tushare-collect] 当前季度及前3季度末日期列表: ['20250630', '20250930', '20251231', '20260331']
[2026-02-13 16:11:20] [INFO] [tushare-collect] [balancesheet] 采集参数: {'method': 'balancesheet_vip', 'fields': '*', 'period': '20250630', 'report_type': '1'}
[2026-02-13 16:11:20] [INFO] [tushare-collect] 开始采集Tushare数据: balancesheet_vip
[2026-02-13 16:11:40] [INFO] [tushare-collect] 成功采集6633条balancesheet_vip数据
[2026-02-13 16:11:40] [INFO] [tushare-collect] [balancesheet] 去重后数据: 6121 条
[2026-02-13 16:11:42] [ERROR] [tushare-collect] 保存数据失败: 批量Upsert失败: (1054, "Unknown column 'UPDATE_BY' in 'field list'")
[2026-02-13 16:11:42] [WARNING] [tushare-collect] [balancesheet] 数据保存返回失败,准备重试
[2026-02-13 16:11:42] [INFO] [tushare-collect] [balancesheet] 等待5秒后进行第2次重试...
[2026-02-13 16:11:47] [INFO] [tushare-collect] 开始采集Tushare数据: balancesheet_vip
[2026-02-13 16:12:08] [INFO] [tushare-collect] 成功采集6633条balancesheet_vip数据
[2026-02-13 16:12:08] [INFO] [tushare-collect] [balancesheet] 去重后数据: 6121 条
[2026-02-13 16:12:10] [ERROR] [tushare-collect] 保存数据失败: 批量Upsert失败: (1054, "Unknown column 'OTH_EQ_INVEST' in 'field list'")
[2026-02-13 16:12:10] [WARNING] [tushare-collect] [balancesheet] 数据保存返回失败,准备重试
[2026-02-13 16:12:10] [INFO] [tushare-collect] [balancesheet] 等待5秒后进行第3次重试...
[2026-02-13 16:16:27] [INFO] [tushare-collect] ==================================================
[2026-02-13 16:16:27] [INFO] [tushare-collect] 开始执行财务报表采集任务
[2026-02-13 16:16:27] [INFO] [tushare-collect] 执行时间: 2026-02-13 16:16:27.959581
[2026-02-13 16:16:27] [INFO] [tushare-collect] ==================================================
[2026-02-13 16:16:27] [INFO] [tushare-collect] 当前季度及前3季度末日期列表: ['20250630', '20250930', '20251231', '20260331']
[2026-02-13 16:16:27] [INFO] [tushare-collect] [balancesheet] 采集参数: {'method': 'balancesheet_vip', 'fields': '*', 'period': '20250630', 'report_type': '1'}
[2026-02-13 16:16:28] [INFO] [tushare-collect] 开始采集Tushare数据: balancesheet_vip
[2026-02-13 16:16:55] [INFO] [tushare-collect] 成功采集6633条balancesheet_vip数据
[2026-02-13 16:16:55] [INFO] [tushare-collect] [balancesheet] 去重后数据: 6121 条
[2026-02-13 16:16:57] [ERROR] [tushare-collect] 保存数据失败: 批量Upsert失败: (1054, "Unknown column 'OTH_EQ_PPBOND' in 'field list'")
[2026-02-13 16:16:57] [WARNING] [tushare-collect] [balancesheet] 数据保存返回失败,准备重试
[2026-02-13 16:16:57] [INFO] [tushare-collect] [balancesheet] 等待5秒后进行第2次重试...
[2026-02-13 16:17:02] [INFO] [tushare-collect] 开始采集Tushare数据: balancesheet_vip
[2026-02-13 16:51:40] [INFO] [tushare-collect] ==================================================
[2026-02-13 16:51:40] [INFO] [tushare-collect] 开始执行财务报表采集任务
[2026-02-13 16:51:40] [INFO] [tushare-collect] 执行时间: 2026-02-13 16:51:40.471785
[2026-02-13 16:51:40] [INFO] [tushare-collect] ==================================================
[2026-02-13 16:51:40] [INFO] [tushare-collect] 当前季度及前3季度末日期列表: ['20250630', '20250930', '20251231', '20260331']
[2026-02-13 16:51:40] [INFO] [tushare-collect] [balancesheet] 采集参数: {'method': 'balancesheet_vip', 'fields': '*', 'period': '20250630', 'report_type': '1'}
[2026-02-13 16:51:40] [INFO] [tushare-collect] 开始采集Tushare数据: balancesheet_vip
[2026-02-13 16:52:03] [INFO] [tushare-collect] 成功采集6633条balancesheet_vip数据
[2026-02-13 16:52:03] [INFO] [tushare-collect] [balancesheet] 去重后数据: 6121 条
[2026-02-13 16:52:08] [INFO] [tushare-collect] upsert 受影响 6121 行
[2026-02-13 16:52:08] [INFO] [tushare-collect] 保存 6121 条数据到aistockzml_tushare_balancesheet，模式: incremental
[2026-02-13 16:52:08] [INFO] [tushare-collect] [balancesheet] 数据保存成功
[2026-02-13 16:52:08] [INFO] [tushare-collect] [balancesheet] 采集参数: {'method': 'balancesheet_vip', 'fields': '*', 'period': '20250930', 'report_type': '1'}
[2026-02-13 16:52:08] [INFO] [tushare-collect] 开始采集Tushare数据: balancesheet_vip
[2026-02-13 16:52:21] [INFO] [tushare-collect] 成功采集5918条balancesheet_vip数据
[2026-02-13 16:52:21] [INFO] [tushare-collect] [balancesheet] 去重后数据: 5598 条
[2026-02-13 16:52:25] [INFO] [tushare-collect] upsert 受影响 5598 行
[2026-02-13 16:52:25] [INFO] [tushare-collect] 保存 5598 条数据到aistockzml_tushare_balancesheet，模式: incremental
[2026-02-13 16:52:25] [INFO] [tushare-collect] [balancesheet] 数据保存成功
[2026-02-13 16:52:25] [INFO] [tushare-collect] [balancesheet] 采集参数: {'method': 'balancesheet_vip', 'fields': '*', 'period': '20251231', 'report_type': '1'}
[2026-02-13 16:52:25] [INFO] [tushare-collect] 开始采集Tushare数据: balancesheet_vip
[2026-02-13 16:52:25] [INFO] [tushare-collect] 成功采集57条balancesheet_vip数据
[2026-02-13 16:52:25] [INFO] [tushare-collect] [balancesheet] 去重后数据: 56 条
[2026-02-13 16:52:26] [INFO] [tushare-collect] upsert 受影响 56 行
[2026-02-13 16:52:26] [INFO] [tushare-collect] 保存 56 条数据到aistockzml_tushare_balancesheet，模式: incremental
[2026-02-13 16:52:26] [INFO] [tushare-collect] [balancesheet] 数据保存成功
[2026-02-13 16:52:26] [INFO] [tushare-collect] [balancesheet] 采集参数: {'method': 'balancesheet_vip', 'fields': '*', 'period': '20260331', 'report_type': '1'}
[2026-02-13 16:52:26] [INFO] [tushare-collect] 开始采集Tushare数据: balancesheet_vip
[2026-02-13 16:52:27] [INFO] [tushare-collect] 成功采集balancesheet_vip数据，数据为空
[2026-02-13 16:52:27] [INFO] [tushare-collect] [balancesheet] 无数据需要保存
[2026-02-13 16:52:27] [INFO] [tushare-collect] ==================================================
[2026-02-13 16:52:27] [INFO] [tushare-collect] 财务报表采集任务完成
[2026-02-13 16:52:27] [INFO] [tushare-collect] ==================================================
[2026-02-13 17:20:14] [INFO] [tushare-collect] ==================================================
[2026-02-13 17:20:14] [INFO] [tushare-collect] 开始执行财务报表采集任务
[2026-02-13 17:20:14] [INFO] [tushare-collect] 执行时间: 2026-02-13 17:20:14.887918
[2026-02-13 17:20:14] [INFO] [tushare-collect] ==================================================
[2026-02-13 17:20:14] [INFO] [tushare-collect] 当前季度及前3季度末日期列表: ['20250630', '20250930', '20251231', '20260331']
[2026-02-13 17:20:14] [INFO] [tushare-collect] [forecast] 采集参数: {'method': 'forecast_vip', 'fields': '*', 'period': '20250630'}
[2026-02-13 17:20:14] [INFO] [tushare-collect] 开始采集Tushare数据: forecast_vip
[2026-02-13 17:20:18] [INFO] [tushare-collect] 成功采集1854条forecast_vip数据
[2026-02-13 17:20:18] [INFO] [tushare-collect] [forecast] 去重后数据: 1625 条
[2026-02-13 17:20:20] [INFO] [tushare-collect] upsert 受影响 1625 行
[2026-02-13 17:20:20] [INFO] [tushare-collect] 保存 1625 条数据到aistockzml_tushare_forecast，模式: incremental
[2026-02-13 17:20:20] [INFO] [tushare-collect] [forecast] 数据保存成功
[2026-02-13 17:20:20] [INFO] [tushare-collect] [forecast] 采集参数: {'method': 'forecast_vip', 'fields': '*', 'period': '20250930'}
[2026-02-13 17:20:20] [INFO] [tushare-collect] 开始采集Tushare数据: forecast_vip
[2026-02-13 17:20:21] [INFO] [tushare-collect] 成功采集228条forecast_vip数据
[2026-02-13 17:20:21] [INFO] [tushare-collect] [forecast] 去重后数据: 179 条
[2026-02-13 17:20:21] [INFO] [tushare-collect] upsert 受影响 179 行
[2026-02-13 17:20:21] [INFO] [tushare-collect] 保存 179 条数据到aistockzml_tushare_forecast，模式: incremental
[2026-02-13 17:20:21] [INFO] [tushare-collect] [forecast] 数据保存成功
[2026-02-13 17:20:21] [INFO] [tushare-collect] [forecast] 采集参数: {'method': 'forecast_vip', 'fields': '*', 'period': '20251231'}
[2026-02-13 17:20:21] [INFO] [tushare-collect] 开始采集Tushare数据: forecast_vip
[2026-02-13 17:20:40] [INFO] [tushare-collect] 成功采集4488条forecast_vip数据
[2026-02-13 17:20:40] [INFO] [tushare-collect] [forecast] 去重后数据: 2967 条
[2026-02-13 17:20:47] [INFO] [tushare-collect] upsert 受影响 2967 行
[2026-02-13 17:20:47] [INFO] [tushare-collect] 保存 2967 条数据到aistockzml_tushare_forecast，模式: incremental
[2026-02-13 17:20:47] [INFO] [tushare-collect] [forecast] 数据保存成功
[2026-02-13 17:20:47] [INFO] [tushare-collect] [forecast] 采集参数: {'method': 'forecast_vip', 'fields': '*', 'period': '20260331'}
[2026-02-13 17:20:47] [INFO] [tushare-collect] 开始采集Tushare数据: forecast_vip
[2026-02-13 17:20:48] [INFO] [tushare-collect] 成功采集1条forecast_vip数据
[2026-02-13 17:20:48] [INFO] [tushare-collect] [forecast] 去重后数据: 1 条
[2026-02-13 17:20:48] [INFO] [tushare-collect] upsert 受影响 1 行
[2026-02-13 17:20:48] [INFO] [tushare-collect] 保存 1 条数据到aistockzml_tushare_forecast，模式: incremental
[2026-02-13 17:20:48] [INFO] [tushare-collect] [forecast] 数据保存成功
[2026-02-13 17:20:48] [INFO] [tushare-collect] ==================================================
[2026-02-13 17:20:48] [INFO] [tushare-collect] 财务报表采集任务完成
[2026-02-13 17:20:48] [INFO] [tushare-collect] ==================================================
[2026-02-13 17:39:05] [INFO] [tushare-collect] ==================================================
[2026-02-13 17:39:05] [INFO] [tushare-collect] 开始执行财务报表采集任务
[2026-02-13 17:39:05] [INFO] [tushare-collect] 执行时间: 2026-02-13 17:39:05.252396
[2026-02-13 17:39:05] [INFO] [tushare-collect] ==================================================
[2026-02-13 17:39:05] [INFO] [tushare-collect] 当前季度及前3季度末日期列表: ['20250630', '20250930', '20251231', '20260331']
[2026-02-13 17:39:05] [INFO] [tushare-collect] [express] 采集参数: {'method': 'express_vip', 'fields': '*', 'period': '20250630'}
[2026-02-13 17:39:05] [INFO] [tushare-collect] 开始采集Tushare数据: express_vip
[2026-02-13 17:39:05] [INFO] [tushare-collect] 成功采集79条express_vip数据
[2026-02-13 17:39:05] [INFO] [tushare-collect] [express] 去重后数据: 78 条
[2026-02-13 17:39:06] [INFO] [tushare-collect] upsert 受影响 78 行
[2026-02-13 17:39:06] [INFO] [tushare-collect] 保存 78 条数据到aistockzml_tushare_express，模式: incremental
[2026-02-13 17:39:06] [INFO] [tushare-collect] [express] 数据保存成功
[2026-02-13 17:39:06] [INFO] [tushare-collect] [express] 采集参数: {'method': 'express_vip', 'fields': '*', 'period': '20250930'}
[2026-02-13 17:39:06] [INFO] [tushare-collect] 开始采集Tushare数据: express_vip
[2026-02-13 17:39:06] [INFO] [tushare-collect] 成功采集9条express_vip数据
[2026-02-13 17:39:06] [INFO] [tushare-collect] [express] 去重后数据: 9 条
[2026-02-13 17:39:06] [INFO] [tushare-collect] upsert 受影响 9 行
[2026-02-13 17:39:06] [INFO] [tushare-collect] 保存 9 条数据到aistockzml_tushare_express，模式: incremental
[2026-02-13 17:39:06] [INFO] [tushare-collect] [express] 数据保存成功
[2026-02-13 17:39:06] [INFO] [tushare-collect] [express] 采集参数: {'method': 'express_vip', 'fields': '*', 'period': '20251231'}
[2026-02-13 17:39:06] [INFO] [tushare-collect] 开始采集Tushare数据: express_vip
[2026-02-13 17:39:07] [INFO] [tushare-collect] 成功采集153条express_vip数据
[2026-02-13 17:39:07] [INFO] [tushare-collect] [express] 去重后数据: 153 条
[2026-02-13 17:39:07] [INFO] [tushare-collect] upsert 受影响 153 行
[2026-02-13 17:39:07] [INFO] [tushare-collect] 保存 153 条数据到aistockzml_tushare_express，模式: incremental
[2026-02-13 17:39:07] [INFO] [tushare-collect] [express] 数据保存成功
[2026-02-13 17:39:07] [INFO] [tushare-collect] [express] 采集参数: {'method': 'express_vip', 'fields': '*', 'period': '20260331'}
[2026-02-13 17:39:07] [INFO] [tushare-collect] 开始采集Tushare数据: express_vip
[2026-02-13 17:39:08] [INFO] [tushare-collect] 成功采集express_vip数据，数据为空
[2026-02-13 17:39:08] [INFO] [tushare-collect] [express] 无数据需要保存
[2026-02-13 17:39:08] [INFO] [tushare-collect] ==================================================
[2026-02-13 17:39:08] [INFO] [tushare-collect] 财务报表采集任务完成
[2026-02-13 17:39:08] [INFO] [tushare-collect] ==================================================
[2026-02-13 22:05:53] [INFO] [tushare-collect] ==================================================
[2026-02-13 22:05:53] [INFO] [tushare-collect] 开始执行财务报表采集任务
[2026-02-13 22:05:53] [INFO] [tushare-collect] 执行时间: 2026-02-13 22:05:53.256644
[2026-02-13 22:05:53] [INFO] [tushare-collect] ==================================================
[2026-02-13 22:05:53] [INFO] [tushare-collect] 当前季度及前3季度末日期列表: ['20250630', '20250930', '20251231', '20260331']
[2026-02-13 22:05:53] [INFO] [tushare-collect] [express] 采集参数: {'method': 'express_vip', 'fields': '*', 'period': '20250630'}
[2026-02-13 22:05:53] [INFO] [tushare-collect] 开始采集Tushare数据: express_vip
[2026-02-13 22:05:53] [INFO] [tushare-collect] 成功采集79条express_vip数据
[2026-02-13 22:05:53] [INFO] [tushare-collect] [express] 去重后数据: 78 条
[2026-02-13 22:05:54] [INFO] [tushare-collect] upsert 受影响 78 行
[2026-02-13 22:05:54] [INFO] [tushare-collect] 保存 78 条数据到aistockzml_tushare_express，模式: incremental
[2026-02-13 22:05:54] [INFO] [tushare-collect] [express] 数据保存成功
[2026-02-13 22:05:54] [INFO] [tushare-collect] [express] 采集参数: {'method': 'express_vip', 'fields': '*', 'period': '20250930'}
[2026-02-13 22:05:54] [INFO] [tushare-collect] 开始采集Tushare数据: express_vip
[2026-02-13 22:05:54] [INFO] [tushare-collect] 成功采集9条express_vip数据
[2026-02-13 22:05:54] [INFO] [tushare-collect] [express] 去重后数据: 9 条
[2026-02-13 22:05:54] [INFO] [tushare-collect] upsert 受影响 9 行
[2026-02-13 22:05:54] [INFO] [tushare-collect] 保存 9 条数据到aistockzml_tushare_express，模式: incremental
[2026-02-13 22:05:54] [INFO] [tushare-collect] [express] 数据保存成功
[2026-02-13 22:05:54] [INFO] [tushare-collect] [express] 采集参数: {'method': 'express_vip', 'fields': '*', 'period': '20251231'}
[2026-02-13 22:05:54] [INFO] [tushare-collect] 开始采集Tushare数据: express_vip
[2026-02-13 22:05:54] [INFO] [tushare-collect] 成功采集168条express_vip数据
[2026-02-13 22:05:54] [INFO] [tushare-collect] [express] 去重后数据: 168 条
[2026-02-13 22:05:55] [INFO] [tushare-collect] upsert 受影响 168 行
[2026-02-13 22:05:55] [INFO] [tushare-collect] 保存 168 条数据到aistockzml_tushare_express，模式: incremental
[2026-02-13 22:05:55] [INFO] [tushare-collect] [express] 数据保存成功
[2026-02-13 22:05:55] [INFO] [tushare-collect] [express] 采集参数: {'method': 'express_vip', 'fields': '*', 'period': '20260331'}
[2026-02-13 22:05:55] [INFO] [tushare-collect] 开始采集Tushare数据: express_vip
[2026-02-13 22:05:55] [INFO] [tushare-collect] 成功采集express_vip数据，数据为空
[2026-02-13 22:05:55] [INFO] [tushare-collect] [express] 无数据需要保存
[2026-02-13 22:05:55] [INFO] [tushare-collect] ==================================================
[2026-02-13 22:05:55] [INFO] [tushare-collect] 财务报表采集任务完成
[2026-02-13 22:05:55] [INFO] [tushare-collect] ==================================================
