[2026-02-06 15:51:45] [INFO] [collect] 开始采集Tushare数据: stock_basic
[2026-02-06 15:51:47] [INFO] [collect] 成功采集5479条stock_basic数据
[2026-02-06 15:57:21] [INFO] [collect] 保存5479条数据到aistockzml_tushare_stock_basic
[2026-02-06 17:04:03] [INFO] [collect] 开始采集Tushare数据: stock_basic
[2026-02-06 17:04:06] [INFO] [collect] 成功采集5479条stock_basic数据
[2026-02-06 17:09:12] [INFO] [collect] 保存5479条数据到aistockzml_tushare_stock_basic
[2026-02-06 17:18:07] [INFO] [collect] 开始采集Tushare数据: stock_basic
[2026-02-06 17:18:12] [INFO] [collect] 成功采集5479条stock_basic数据
[2026-02-06 17:18:12] [WARNING] [collect] 不支持的插入模式: replace，使用默认增量模式
[2026-02-06 17:22:24] [INFO] [collect] 保存5479条数据到aistockzml_tushare_stock_basic，模式: incremental
[2026-02-06 17:29:48] [INFO] [collect] 开始采集Tushare数据: stock_basic
[2026-02-06 17:29:52] [INFO] [collect] 成功采集5479条stock_basic数据
[2026-02-06 17:29:52] [INFO] [collect] 覆盖模式：清空表 aistockzml_tushare_stock_basic
[2026-02-06 17:29:54] [INFO] [collect] 保存5479条数据到aistockzml_tushare_stock_basic，模式: overwrite
[2026-02-06 17:32:07] [INFO] [collect] 开始采集Tushare数据: stock_basic
[2026-02-06 17:32:08] [INFO] [collect] 成功采集5479条stock_basic数据
[2026-02-06 17:32:10] [INFO] [collect] 保存5479条数据到aistockzml_tushare_stock_basic，模式: incremental
[2026-02-06 17:32:49] [INFO] [collect] 开始采集Tushare数据: stock_basic
[2026-02-06 17:32:50] [INFO] [collect] 成功采集5479条stock_basic数据
[2026-02-06 17:32:51] [INFO] [collect] 覆盖模式：清空表 aistockzml_tushare_stock_basic
[2026-02-06 17:32:52] [INFO] [collect] 保存5479条数据到aistockzml_tushare_stock_basic，模式: overwrite
[2026-02-06 17:33:41] [INFO] [collect] 开始采集Tushare数据: trade_cal
[2026-02-06 17:33:43] [INFO] [collect] 成功采集13162条trade_cal数据
[2026-02-06 17:33:43] [INFO] [collect] 覆盖模式：清空表 aistockzml_tushare_trade_cal
[2026-02-06 17:33:44] [INFO] [collect] 保存13162条数据到aistockzml_tushare_trade_cal，模式: overwrite
[2026-02-06 17:39:09] [INFO] [collect] 开始采集Tushare数据: daily
[2026-02-06 17:39:10] [INFO] [collect] 成功采集5466条daily数据
[2026-02-06 17:39:10] [INFO] [collect] 覆盖模式：清空表 aistockzml_tushare_daily
[2026-02-06 17:39:11] [ERROR] [collect] 保存数据失败: 批量插入失败: (1064, "You have an error in your SQL syntax; check the manual that corresponds to your MySQL server version for the right syntax to use near 'CHANGE, UPDATE_BY, TS_CODE, OPEN, HIGH, CREATE_TIME, ID, LOW, PRE_CLOSE, CREATE_' at line 1")
[2026-02-06 17:39:52] [INFO] [collect] 开始采集Tushare数据: daily
[2026-02-06 17:39:54] [INFO] [collect] 成功采集5466条daily数据
[2026-02-06 17:39:54] [INFO] [collect] 覆盖模式：清空表 aistockzml_tushare_daily
[2026-02-06 17:39:55] [ERROR] [collect] 保存数据失败: 批量插入失败: (1064, "You have an error in your SQL syntax; check the manual that corresponds to your MySQL server version for the right syntax to use near 'CHANGE, TS_CODE, PRE_CLOSE, PCT_CHANGE, LOW, AMOUNT, CREATE_TIME, CREATE_BY, UPD' at line 1")
[2026-02-06 17:42:40] [INFO] [collect] 开始采集Tushare数据: daily
[2026-02-06 17:42:42] [INFO] [collect] 成功采集5466条daily数据
[2026-02-06 17:42:42] [INFO] [collect] 覆盖模式：清空表 aistockzml_tushare_daily
[2026-02-06 17:42:43] [INFO] [collect] 保存5466条数据到aistockzml_tushare_daily，模式: overwrite
[2026-02-06 17:49:35] [INFO] [collect] 开始采集Tushare数据: daily
[2026-02-06 17:49:36] [INFO] [collect] 成功采集5467条daily数据
[2026-02-06 17:49:37] [INFO] [collect] 覆盖模式：清空表 aistockzml_tushare_daily
[2026-02-06 17:49:37] [INFO] [collect] 保存5467条数据到aistockzml_tushare_daily，模式: overwrite
[2026-02-06 17:50:01] [INFO] [collect] 开始采集Tushare数据: daily
[2026-02-06 17:50:02] [INFO] [collect] 成功采集5466条daily数据
[2026-02-06 17:50:03] [INFO] [collect] 保存5466条数据到aistockzml_tushare_daily，模式: incremental
