[2026-02-25 16:11:16] [INFO] [tushare-collect] [stock_basic] ==================================================
[2026-02-25 16:11:16] [INFO] [tushare-collect] [stock_basic] 开始执行定时任务
[2026-02-25 16:11:16] [INFO] [tushare-collect] [stock_basic] 执行时间: 2026-02-25 16:11:16.465299
[2026-02-25 16:11:16] [INFO] [tushare-collect] [stock_basic] 采集参数: {'method': 'stock_basic', 'fields': '*'}
[2026-02-25 16:11:16] [INFO] [tushare-collect] 开始采集Tushare数据: stock_basic
[2026-02-25 16:11:17] [INFO] [tushare-collect] 成功采集stock_basic数据，数据为空
[2026-02-25 16:11:17] [INFO] [tushare-collect] [stock_basic] 无数据需要保存
[2026-02-25 16:11:17] [INFO] [tushare-collect] [stock_hsgt_HK_SZ] 采集参数: {'method': 'stock_hsgt', 'fields': '*', 'trade_date': '20260213', 'type': 'HK_SZ'}
[2026-02-25 16:11:17] [INFO] [tushare-collect] 开始采集Tushare数据: stock_hsgt
[2026-02-25 16:11:18] [INFO] [tushare-collect] 成功采集stock_hsgt数据，数据为空
[2026-02-25 16:11:18] [INFO] [tushare-collect] [stock_hsgt_HK_SZ] 无数据需要保存
[2026-02-25 16:11:18] [INFO] [tushare-collect] [stock_hsgt_SZ_HK] 采集参数: {'method': 'stock_hsgt', 'fields': '*', 'trade_date': '20260213', 'type': 'SZ_HK'}
[2026-02-25 16:11:18] [INFO] [tushare-collect] 开始采集Tushare数据: stock_hsgt
[2026-02-25 16:11:19] [INFO] [tushare-collect] 成功采集stock_hsgt数据，数据为空
[2026-02-25 16:11:19] [INFO] [tushare-collect] [stock_hsgt_SZ_HK] 无数据需要保存
[2026-02-25 16:11:19] [INFO] [tushare-collect] [stock_hsgt_HK_SH] 采集参数: {'method': 'stock_hsgt', 'fields': '*', 'trade_date': '20260213', 'type': 'HK_SH'}
[2026-02-25 16:11:19] [INFO] [tushare-collect] 开始采集Tushare数据: stock_hsgt
[2026-02-25 16:11:21] [INFO] [tushare-collect] 成功采集stock_hsgt数据，数据为空
[2026-02-25 16:11:21] [INFO] [tushare-collect] [stock_hsgt_HK_SH] 无数据需要保存
[2026-02-25 16:11:21] [INFO] [tushare-collect] [stock_hsgt_SH_HK] 采集参数: {'method': 'stock_hsgt', 'fields': '*', 'trade_date': '20260213', 'type': 'SH_HK'}
[2026-02-25 16:11:21] [INFO] [tushare-collect] 开始采集Tushare数据: stock_hsgt
[2026-02-25 16:11:22] [INFO] [tushare-collect] 成功采集stock_hsgt数据，数据为空
[2026-02-25 16:11:22] [INFO] [tushare-collect] [stock_hsgt_SH_HK] 无数据需要保存
[2026-02-25 16:11:22] [INFO] [tushare-collect] [stock_company_SSE] 采集参数: {'method': 'stock_company', 'fields': '*', 'exchange': 'SSE'}
[2026-02-25 16:11:22] [INFO] [tushare-collect] 开始采集Tushare数据: stock_company
[2026-02-25 16:11:23] [INFO] [tushare-collect] 成功采集stock_company数据，数据为空
[2026-02-25 16:11:23] [INFO] [tushare-collect] [stock_company_SSE] 无数据需要保存
[2026-02-25 16:11:23] [INFO] [tushare-collect] [stock_company_SZSE] 采集参数: {'method': 'stock_company', 'fields': '*', 'exchange': 'SZSE'}
[2026-02-25 16:11:23] [INFO] [tushare-collect] 开始采集Tushare数据: stock_company
[2026-02-25 16:11:24] [INFO] [tushare-collect] 成功采集stock_company数据，数据为空
[2026-02-25 16:11:24] [INFO] [tushare-collect] [stock_company_SZSE] 无数据需要保存
[2026-02-25 16:11:24] [INFO] [tushare-collect] [stock_company_BSE] 采集参数: {'method': 'stock_company', 'fields': '*', 'exchange': 'BSE'}
[2026-02-25 16:11:24] [INFO] [tushare-collect] 开始采集Tushare数据: stock_company
[2026-02-25 16:11:25] [INFO] [tushare-collect] 成功采集stock_company数据，数据为空
[2026-02-25 16:11:25] [INFO] [tushare-collect] [stock_company_BSE] 无数据需要保存
[2026-02-25 16:25:27] [INFO] [tushare-collect] [stock_basic] ==================================================
[2026-02-25 16:25:27] [INFO] [tushare-collect] [stock_basic] 开始执行定时任务
[2026-02-25 16:25:27] [INFO] [tushare-collect] [stock_basic] 执行时间: 2026-02-25 16:25:27.563004
[2026-02-25 16:25:27] [INFO] [tushare-collect] [stock_basic] 采集参数: {'method': 'stock_basic', 'fields': '*'}
[2026-02-25 16:25:27] [INFO] [tushare-collect] 开始采集Tushare数据: stock_basic
